[Opcje]
Połączenie=1
Inkrementacja=1
Logiczne=1
Arytmetyczne=1
Stos=1
RejestrX=1
RejestrY=1
Przerwania=0
Wejście=1
Znaczniki=0
Adres=8
Kod=8
[Rozkazy]
Liczba=15
Nazwa1=HLT
Nazwa2=ADD
Nazwa3=SUB
Nazwa4=CPY
Nazwa5=LD
Nazwa6=JMP
Nazwa7=JG
Nazwa8=JZ
Nazwa9=JNZ
Nazwa10=GAD
Nazwa11=GNO
Nazwa12=MVX
Nazwa13=MVY
Nazwa14=AAX
Nazwa15=AAY
[HLT]
Linie=4
Linia1=ROZKAZ HLT;
Linia2=Argumenty 0;
Linia3=czyt wys wei il;
Linia4=stop;
[ADD]
Linie=5
Linia1=// (Ak)+((Ad))->Ak
Linia2=ROZKAZ ADD;
Linia3=czyt wys wei il;
Linia4=wyad wea;
Linia5=czyt wys weja dod weak wyl wea;
[SUB]
Linie=5
Linia1=// (Ak)-((Ad))->Ak
Linia2=ROZKAZ SUB;
Linia3=czyt wys wei il;
Linia4=wyad wea;
Linia5=czyt wys weja ode weak wyl wea;
[CPY]
Linie=5
Linia1=// ((Ad))->Ak
Linia2=ROZKAZ CPY;
Linia3=czyt wys wei il;
Linia4=wyad wea;
Linia5=czyt wys weja przep weak wyl wea;
[LD]
Linie=5
Linia1=// (Ak)->(Ad)
Linia2=ROZKAZ LD;
Linia3=czyt wys wei il;
Linia4=wyad wea wyak wes;
Linia5=pisz wyl wea;
[JMP]
Linie=5
Linia1=// skok bezwarunkowy
Linia2=ROZKAZ JMP;
Linia3=Argumenty 1;
Linia4=czyt wys wei il;
Linia5=wyad wea wel;
[JG]
Linie=6
Linia1=// skok gdy (AK) < 0
Linia2=ROZKAZ JG;
Linia3=czyt wys wei il;
Linia4=JEŻELI Z TO @ujemne GDY NIE @dodatnie;
Linia5=@ujemne wyad wea wel KONIEC;
Linia6=@dodatnie wyl wea;
[JZ]
Linie=6
Linia1=// skok gdy (AK) = 0
Linia2=ROZKAZ JZ;
Linia3=czyt wys wei il;
Linia4=JEŻELI ZAK TO @zero GDY NIE @notzero;
Linia5=@zero wyad wea wel KONIEC;
Linia6=@notzero wyl wea;
[JNZ]
Linie=5
Linia1=ROZKAZ JNZ;
Linia2=czyt wys wei il;
Linia3=JEŻELI ZAK TO @zero GDY NIE @notzero;
Linia4=@notzero wyad wea wel KONIEC;
Linia5=@zero wyl wea;
[GAD]
Linie=4
Linia1=ROZKAZ GAD;
Linia2=czyt wys wei il;
Linia3=wyad as weja przep weak;
Linia4=wyl wea;
[GNO]
Linie=7
Linia1=ROZKAZ GNO;
Linia2=Argumenty 2;
Linia3=czyt wys wei il;
Linia4=wyad as weja przep weak;
Linia5=wyl wea;
Linia6=czyt wys wey il;
Linia7=wyl wea;
[MVX]
Linie=5
Linia1=ROZKAZ MVX;
Linia2=Argumenty 1;
Linia3=czyt wys wei il;
Linia4=wyad wea;
Linia5=czyt wys wex;
[MVY]
Linie=5
Linia1=ROZKAZ MVY;
Linia2=Argumenty 1;
Linia3=czyt wys wei il;
Linia4=wyad wea;
Linia5=czyt wys wey;
[AAX]
Linie=4
Linia1=ROZKAZ AAX;
Linia2=Argumenty 0;
Linia3=czyt wys wei il;
Linia4=wyx weja dod weak;
[AAY]
Linie=4
Linia1=ROZKAZ AAY;
Linia2=Argumenty 0;
Linia3=czyt wys wei il;
Linia4=wyy weja dod weak;
